============================= test session starts =============================
platform win32 -- Python 3.13.5, pytest-8.3.4, pluggy-1.5.0
rootdir: C:\Users\ishak\.gemini\antigravity\scratch\discproject
plugins: anyio-4.7.0
collected 3 items

backend\tests\test_policy.py ..F                                         [100%]

================================== FAILURES ===================================
__________________________ test_opa_connection_error __________________________

    def test_opa_connection_error():
        """
        Test fail-closed behavior if OPA is down.
        """
        with patch("requests.post", side_effect=Exception("Connection refused")):
            payload = {"audience": "any", "scope": "any"}
>           response = client.post("/v1/issue", json=payload)

backend\tests\test_policy.py:67: 
_ _ _ _ _ _ _ _ _ _ _ _ _ _ _ _ _ _ _ _ _ _ _ _ _ _ _ _ _ _ _ _ _ _ _ _ _ _ _ _
..\..\..\..\anaconda3\Lib\site-packages\starlette\testclient.py:546: in post
    return super().post(
..\..\..\..\anaconda3\Lib\site-packages\httpx\_client.py:1144: in post
    return self.request(
..\..\..\..\anaconda3\Lib\site-packages\starlette\testclient.py:445: in request
    return super().request(
..\..\..\..\anaconda3\Lib\site-packages\httpx\_client.py:825: in request
    return self.send(request, auth=auth, follow_redirects=follow_redirects)
..\..\..\..\anaconda3\Lib\site-packages\httpx\_client.py:914: in send
    response = self._send_handling_auth(
..\..\..\..\anaconda3\Lib\site-packages\httpx\_client.py:942: in _send_handling_auth
    response = self._send_handling_redirects(
..\..\..\..\anaconda3\Lib\site-packages\httpx\_client.py:979: in _send_handling_redirects
    response = self._send_single_request(request)
..\..\..\..\anaconda3\Lib\site-packages\httpx\_client.py:1014: in _send_single_request
    response = transport.handle_request(request)
..\..\..\..\anaconda3\Lib\site-packages\starlette\testclient.py:348: in handle_request
    raise exc
..\..\..\..\anaconda3\Lib\site-packages\starlette\testclient.py:345: in handle_request
    portal.call(self.app, scope, receive, send)
..\..\..\..\anaconda3\Lib\site-packages\anyio\from_thread.py:290: in call
    return cast(T_Retval, self.start_task_soon(func, *args).result())
..\..\..\..\anaconda3\Lib\concurrent\futures\_base.py:456: in result
    return self.__get_result()
..\..\..\..\anaconda3\Lib\concurrent\futures\_base.py:401: in __get_result
    raise self._exception
..\..\..\..\anaconda3\Lib\site-packages\anyio\from_thread.py:221: in _call_func
    retval = await retval_or_awaitable
..\..\..\..\anaconda3\Lib\site-packages\fastapi\applications.py:1139: in __call__
    await super().__call__(scope, receive, send)
..\..\..\..\anaconda3\Lib\site-packages\starlette\applications.py:107: in __call__
    await self.middleware_stack(scope, receive, send)
..\..\..\..\anaconda3\Lib\site-packages\starlette\middleware\errors.py:186: in __call__
    raise exc
..\..\..\..\anaconda3\Lib\site-packages\starlette\middleware\errors.py:164: in __call__
    await self.app(scope, receive, _send)
..\..\..\..\anaconda3\Lib\site-packages\starlette\middleware\cors.py:85: in __call__
    await self.app(scope, receive, send)
..\..\..\..\anaconda3\Lib\site-packages\starlette\middleware\exceptions.py:63: in __call__
    await wrap_app_handling_exceptions(self.app, conn)(scope, receive, send)
..\..\..\..\anaconda3\Lib\site-packages\starlette\_exception_handler.py:53: in wrapped_app
    raise exc
..\..\..\..\anaconda3\Lib\site-packages\starlette\_exception_handler.py:42: in wrapped_app
    await app(scope, receive, sender)
..\..\..\..\anaconda3\Lib\site-packages\fastapi\middleware\asyncexitstack.py:18: in __call__
    await self.app(scope, receive, send)
..\..\..\..\anaconda3\Lib\site-packages\starlette\routing.py:716: in __call__
    await self.middleware_stack(scope, receive, send)
..\..\..\..\anaconda3\Lib\site-packages\starlette\routing.py:736: in app
    await route.handle(scope, receive, send)
..\..\..\..\anaconda3\Lib\site-packages\starlette\routing.py:290: in handle
    await self.app(scope, receive, send)
..\..\..\..\anaconda3\Lib\site-packages\fastapi\routing.py:125: in app
    await wrap_app_handling_exceptions(app, request)(scope, receive, send)
..\..\..\..\anaconda3\Lib\site-packages\starlette\_exception_handler.py:53: in wrapped_app
    raise exc
..\..\..\..\anaconda3\Lib\site-packages\starlette\_exception_handler.py:42: in wrapped_app
    await app(scope, receive, sender)
..\..\..\..\anaconda3\Lib\site-packages\fastapi\routing.py:111: in app
    response = await f(request)
..\..\..\..\anaconda3\Lib\site-packages\fastapi\routing.py:391: in app
    raw_response = await run_endpoint_function(
..\..\..\..\anaconda3\Lib\site-packages\fastapi\routing.py:292: in run_endpoint_function
    return await run_in_threadpool(dependant.call, **values)
..\..\..\..\anaconda3\Lib\site-packages\starlette\concurrency.py:32: in run_in_threadpool
    return await anyio.to_thread.run_sync(func)
..\..\..\..\anaconda3\Lib\site-packages\anyio\to_thread.py:56: in run_sync
    return await get_async_backend().run_sync_in_worker_thread(
..\..\..\..\anaconda3\Lib\site-packages\anyio\_backends\_asyncio.py:2505: in run_sync_in_worker_thread
    return await future
..\..\..\..\anaconda3\Lib\site-packages\anyio\_backends\_asyncio.py:1005: in run
    result = context.run(func, *args)
backend\api\endpoints.py:59: in issue_coupon
    allowed = policy_engine.check_permission(policy_input)
backend\core\policy.py:26: in check_permission
    response = requests.post(
..\..\..\..\anaconda3\Lib\unittest\mock.py:1169: in __call__
    return self._mock_call(*args, **kwargs)
..\..\..\..\anaconda3\Lib\unittest\mock.py:1173: in _mock_call
    return self._execute_mock_call(*args, **kwargs)
_ _ _ _ _ _ _ _ _ _ _ _ _ _ _ _ _ _ _ _ _ _ _ _ _ _ _ _ _ _ _ _ _ _ _ _ _ _ _ _

self = <MagicMock name='post' id='2312620870016'>
args = ('http://localhost:8181/v1/data/disc/authz',)
kwargs = {'json': {'input': {'audience': 'any', 'delegations': {'resource-123': ['test-user', 'anonymous']}, 'resource': 'resource-123', 'scope': 'any', ...}}, 'timeout': 1.0}
effect = Exception('Connection refused')

    def _execute_mock_call(self, /, *args, **kwargs):
        # separate from _increment_mock_call so that awaited functions are
        # executed separately from their call, also AsyncMock overrides this method
    
        effect = self.side_effect
        if effect is not None:
            if _is_exception(effect):
>               raise effect
E               Exception: Connection refused

..\..\..\..\anaconda3\Lib\unittest\mock.py:1228: Exception
============================== warnings summary ===============================
..\..\..\..\anaconda3\Lib\site-packages\pydantic\_internal\_config.py:295
  C:\Users\ishak\anaconda3\Lib\site-packages\pydantic\_internal\_config.py:295: PydanticDeprecatedSince20: Support for class-based `config` is deprecated, use ConfigDict instead. Deprecated in Pydantic V2.0 to be removed in V3.0. See Pydantic V2 Migration Guide at https://errors.pydantic.dev/2.10/migration/
    warnings.warn(DEPRECATION_MESSAGE, DeprecationWarning)

-- Docs: https://docs.pytest.org/en/stable/how-to/capture-warnings.html
=========================== short test summary info ===========================
FAILED backend/tests/test_policy.py::test_opa_connection_error - Exception: C...
=================== 1 failed, 2 passed, 1 warning in 5.03s ====================
